// Jest Snapshot v1, https://goo.gl/fbAQLP

exports[`Render App correctly matches snapshot 1`] = `[Function]`;
